fsl_adc.h:438:20:ADC_EnableBatteryMonitor	16	static
fsl_adc.h:464:20:ADC_Enable	24	static
fsl_adc.h:488:20:ADC_DoSoftwareTrigger	16	static
fsl_adc.h:536:24:ADC_GetStatusFlags	16	static
fsl_adc.h:566:24:ADC_GetConversionResult	16	static
fsl_adc.h:655:20:ADC_PgaChopperEnable	16	static
fsl_syscon.h:42:22:SYSCON_SetLoadCap	16	static
board.c:99:6:BOARD_GetMCUUid	40	static
board.c:158:10:BOARD_GetUsartClock	16	static
board.c:163:10:BOARD_GetCtimerClock	24	static
board.c:176:10:BOARD_GetSpiClock	16	static
board.c:182:13:BOARD_IsADCEnabled	16	static
board.c:193:9:BOARD_GetBatteryLevel	32	static
board.c:228:6:BOARD_InitAdc	32	static
board.c:438:10:BOARD_GetPotentiometerLevel	16	static
board.c:447:6:GPIOA_IRQHandler	8	static
board.c:452:6:RTC_FR_IRQHandler	8	static
board.c:457:6:NVDS_SetLoadCaps	16	static
board.c:477:6:hardware_init	16	static
