TimersManager.c:307:20:TMR_GetTimerStatus	16	static
TimersManager.c:320:13:TMR_SetTimerStatus	16	static
TimersManager.c:334:23:TMR_GetTimerType	16	static
TimersManager.c:347:13:TMR_SetTimerType	16	static
TimersManager.c:406:19:TmrTicksFromMilliseconds	24	static
TimersManager.c:417:6:TMR_Init	16	static
TimersManager.c:463:6:TMR_NotifyClkChanged	8	static
TimersManager.c:486:14:TMR_AllocateTimer	16	static
TimersManager.c:518:8:TMR_AreAllTimersOff	4	static
TimersManager.c:532:14:TMR_FreeTimer	24	static
TimersManager.c:552:6:StackTimer_ISR	8	static
TimersManager.c:565:8:TMR_IsTimerActive	16	static
TimersManager.c:579:8:TMR_IsTimerReady	16	static
TimersManager.c:592:10:TMR_GetRemainingTime	56	static
TimersManager.c:641:10:TMR_GetFirstExpireTime	32	static
TimersManager.c:669:14:TMR_GetFirstWithParam	24	static
TimersManager.c:697:14:TMR_StartTimer	48	static
TimersManager.c:754:14:TMR_StartLowPowerTimer	32	static
TimersManager.c:786:14:TMR_StartLowPowerMinuteTimer	32	static
TimersManager.c:808:14:TMR_StartLowPowerSecondTimer	32	static
TimersManager.c:831:14:TMR_StartMinuteTimer	32	static
TimersManager.c:853:14:TMR_StartSecondTimer	32	static
TimersManager.c:874:14:TMR_StartIntervalTimer	32	static
TimersManager.c:894:14:TMR_StartSingleShotTimer	32	static
TimersManager.c:913:14:TMR_StopTimer	24	static
TimersManager.c:962:6:TMR_Task	72	static
TimersManager.c:1142:6:TMR_EnableTimer	24	static
TimersManager.c:1171:10:TMR_NotCountedTicksBeforeSleep	16	static
TimersManager.c:1201:6:TMR_SyncLpmTimers	16	static
TimersManager.c:1256:6:TMR_MakeTMRThreadReady	8	static
TimersManager.c:1271:10:TMR_GetTimerFreq	4	static
TimersManager.c:1282:6:TMR_TimeStampInit	4	static
TimersManager.c:1295:10:TMR_GetTimestamp	4	static
TimersManager.c:1310:8:TMR_RTCIsOscStarted	4	static
TimersManager.c:1874:6:TMR_PITInit	4	static
TimersManager.c:1879:10:TMR_PITGetTimestamp	4	static
