core_cm4.h:1626:22:NVIC_EnableIRQ	16	static
core_cm4.h:1672:22:NVIC_ClearPendingIRQ	16	static
core_cm4.h:1698:22:NVIC_SetPriority	16	static
fsl_reset.h:183:20:RESET_SetPeripheralReset	16	static
fsl_reset.h:196:20:RESET_ClearPeripheralReset	16	static
fsl_reset.h:209:20:RESET_PeripheralReset	16	static
fsl_rtc.h:98:20:RTC_Init	16	static
fsl_rtc.h:264:24:RTC_GetFreeRunningCount	32	static
TMR_Adapter.c:116:6:StackTimer_Init	24	static
TMR_Adapter.c:175:6:StackTimer_Enable	8	static
TMR_Adapter.c:189:6:StackTimer_Disable	8	static
TMR_Adapter.c:203:10:StackTimer_GetInputFrequency	24	static
TMR_Adapter.c:285:10:StackTimer_GetCounterValue	16	static
TMR_Adapter.c:301:6:StackTimer_SetOffsetTicks	16	static
TMR_Adapter.c:316:6:StackTimer_ClearIntFlag	16	static
TMR_Adapter.c:337:6:PWM_Init	16	static
TMR_Adapter.c:362:6:PWM_SetChnCountVal	16	static
TMR_Adapter.c:376:17:PWM_GetChnCountVal	24	static
