core_cm4.h:1626:22:NVIC_EnableIRQ	16	static
core_cm4.h:1698:22:NVIC_SetPriority	16	static
fsl_usart.h:281:24:USART_GetStatusFlags	16	static
fsl_usart.h:301:20:USART_ClearStatusFlags	16	static
fsl_usart.h:327:20:USART_EnableInterrupts	16	static
fsl_usart.h:345:20:USART_DisableInterrupts	16	static
fsl_usart.h:357:24:USART_GetEnabledInterrupts	16	static
fsl_usart.h:408:20:USART_WriteByte	16	static
fsl_usart.h:422:23:USART_ReadByte	16	static
UART_Adapter.c:78:10:LPUART_Initialize	24	static
UART_Adapter.c:125:10:LPUART_ReInit	24	static
UART_Adapter.c:160:10:LPUART_SetBaudrate	24	static
UART_Adapter.c:181:10:LPUART_SendData	32	static
UART_Adapter.c:220:10:LPUART_ReceiveData	32	static
UART_Adapter.c:247:11:LPUART_InstallRxCalback	32	static
UART_Adapter.c:265:11:LPUART_InstallTxCalback	32	static
UART_Adapter.c:283:10:LPUART_IsTxActive	24	static
UART_Adapter.c:303:10:LPUART_EnableLowPowerWakeup	24	static
UART_Adapter.c:317:10:LPUART_DisableLowPowerWakeup	24	static
UART_Adapter.c:338:10:LPUART_IsWakeupSource	24	static
UART_Adapter.c:353:10:UART_Initialize	24	static
UART_Adapter.c:396:10:UART_SetBaudrate	24	static
UART_Adapter.c:413:10:UART_SendData	32	static
UART_Adapter.c:452:10:UART_ReceiveData	32	static
UART_Adapter.c:479:10:UART_InstallRxCalback	32	static
UART_Adapter.c:497:10:UART_InstallTxCalback	32	static
UART_Adapter.c:515:10:UART_IsTxActive	24	static
UART_Adapter.c:535:10:UART_EnableLowPowerWakeup	24	static
UART_Adapter.c:549:10:UART_DisableLowPowerWakeup	24	static
UART_Adapter.c:570:10:UART_IsWakeupSource	24	static
UART_Adapter.c:586:10:LPSCI_Initialize	24	static
UART_Adapter.c:629:10:LPSCI_SetBaudrate	24	static
UART_Adapter.c:646:10:LPSCI_SendData	32	static
UART_Adapter.c:685:10:LPSCI_ReceiveData	32	static
UART_Adapter.c:712:10:LPSCI_InstallRxCalback	32	static
UART_Adapter.c:730:10:LPSCI_InstallTxCalback	32	static
UART_Adapter.c:748:10:LPSCI_IsTxActive	24	static
UART_Adapter.c:768:10:LPSCI_EnableLowPowerWakeup	24	static
UART_Adapter.c:782:10:LPSCI_DisableLowPowerWakeup	24	static
UART_Adapter.c:803:10:LPSCI_IsWakeupSource	24	static
UART_Adapter.c:818:10:USART_Initialize	40	static
UART_Adapter.c:854:10:USART_SetBaudrate	32	static
UART_Adapter.c:871:10:USART_SendData	32	static
UART_Adapter.c:911:10:USART_ReceiveData	32	static
UART_Adapter.c:938:10:USART_InstallRxCalback	32	static
UART_Adapter.c:956:10:USART_InstallTxCalback	32	static
UART_Adapter.c:974:10:USART_IsTxActive	24	static
UART_Adapter.c:994:10:USART_EnableLowPowerWakeup	24	static
UART_Adapter.c:1004:10:USART_DisableLowPowerWakeup	24	static
UART_Adapter.c:1014:10:USART_IsWakeupSource	24	static
UART_Adapter.c:1329:13:USART_ISR	32	static
