core_cm4.h:1626:22:NVIC_EnableIRQ	16	static
core_cm4.h:1637:22:NVIC_DisableIRQ	16	static
core_cm4.h:1672:22:NVIC_ClearPendingIRQ	16	static
core_cm4.h:1698:22:NVIC_SetPriority	16	static
core_cm4.h:1720:26:NVIC_GetPriority	16	static
fsl_gpio.h:122:20:GPIO_SetPinsOutput	16	static
fsl_gpio.h:133:20:GPIO_ClearPinsOutput	16	static
fsl_gpio.h:144:20:GPIO_TogglePinsOutput	16	static
fsl_gpio.h:162:24:GPIO_ReadPinInput	16	static
fsl_gpio.h:182:24:GPIO_GetPinsInterruptFlags	16	static
fsl_gpio.h:193:20:GPIO_ClearPinsInterruptFlags	16	static
fsl_gpio.h:205:20:GPIO_SetHighLevelInterrupt	16	static
fsl_gpio.h:218:20:GPIO_SetRisingEdgeInterrupt	16	static
fsl_gpio.h:231:20:GPIO_SetLowLevelInterrupt	16	static
fsl_gpio.h:244:20:GPIO_SetFallingEdgeInterrupt	16	static
fsl_gpio.h:256:20:GPIO_EnableInterrupt	16	static
fsl_gpio.h:267:20:GPIO_DisableInterrupt	16	static
fsl_iocon.h:174:22:IOCON_FuncSet	24	static
fsl_iocon.h:220:22:IOCON_DriveSet	16	static
fsl_iocon.h:243:22:IOCON_PullSet	24	static
GPIO_Adapter.c:203:16:GpioGetPinInterrupt	24	static
GPIO_Adapter.c:215:6:GpioSetPinInterrupt	16	static
GPIO_Adapter.c:241:6:GpioSetPinPullMode	16	static
GPIO_Adapter.c:266:6:GpioSetPinMux	16	static
GPIO_Adapter.c:284:6:GpioSetPinMux_ISF_Preserved	16	static
GPIO_Adapter.c:303:6:GpioClearPinIntFlag	16	static
GPIO_Adapter.c:320:10:GpioIsPinIntPending	24	static
GPIO_Adapter.c:341:6:GpioSetPinOutput	16	static
GPIO_Adapter.c:354:6:GpioClearPinOutput	16	static
GPIO_Adapter.c:367:6:GpioTogglePinOutput	16	static
GPIO_Adapter.c:380:10:GpioReadOutputPin	16	static
GPIO_Adapter.c:394:10:GpioReadPinInput	16	static
GPIO_Adapter.c:402:6:GpioSetDriveStrength	16	static
GPIO_Adapter.c:423:8:GpioInputPinInit	24	static
GPIO_Adapter.c:467:8:GpioOutputPinInit	24	static
GPIO_Adapter.c:518:14:GpioInstallIsr	40	static
GPIO_Adapter.c:631:14:GpioUninstallIsr	40	static
GPIO_Adapter.c:691:6:Gpio_CommonIsr	24	static
GPIO_Adapter.c:726:21:Gpio_InstallPortISR	16	static
GPIO_Adapter.c:759:6:GpioSetInterruptType	16	static
GPIO_Adapter.c:788:16:GpioGetInterruptType	24	static
GPIO_Adapter.c:808:6:SetGpioWakeupLevel	24	static
