SerialManager.c:348:6:SerialManager_Init	8	static
SerialManager.c:389:6:SerialManagerTask	32	static
SerialManager.c:469:16:Serial_InitInterface	32	static
SerialManager.c:660:16:Serial_AsyncWrite	40	static
SerialManager.c:763:16:Serial_SyncWrite	40	static
SerialManager.c:842:16:Serial_Read	40	static
SerialManager.c:926:16:Serial_RxBufferByteCount	32	static
SerialManager.c:971:16:Serial_SetRxCallBack	32	static
SerialManager.c:1003:16:Serial_SetBaudRate	24	static
SerialManager.c:1083:16:Serial_Print	48	static
SerialManager.c:1138:16:Serial_PrintHex	24	static
SerialManager.c:1208:16:Serial_PrintDec	32	static
SerialManager.c:1254:16:Serial_EnableLowPowerWakeup	24	static
SerialManager.c:1312:16:Serial_DisableLowPowerWakeup	24	static
SerialManager.c:1370:8:Serial_IsWakeUpSource	24	static
SerialManager.c:1442:23:Serial_WriteInternal	32	static
SerialManager.c:1706:6:SerialManager_RxNotify	24	static
SerialManager.c:1844:6:SerialManager_TxNotify	24	static
SerialManager.c:1939:13:Serial_TxQueueMaintenance	32	static
SerialManager.c:2029:10:Serial_GetInterfaceId	24	static
SerialManager.c:2230:13:Serial_UartRxCb	24	static
SerialManager.c:2245:13:Serial_UartTxCb	16	static
SerialManager.c:2325:6:SerialInterface_Reinit	24	static
SerialManager.c:2390:13:Serial_AsyncWriteCallback	16	static
