NV_Flash.c:1602:21:__NvAtomicSave	32	static
NV_Flash.c:1727:21:__NvSyncSave	24	static
NV_Flash.c:1815:21:__NvFormat	24	static
NV_Flash.c:1920:13:__NvIdle	40	static
NV_Flash.c:2038:15:__NvIsDataSetDirty	32	static
NV_Flash.c:2103:21:__NvRestoreDataSet	24	static
NV_Flash.c:2182:15:__NvTimerTick	32	static
NV_Flash.c:2270:21:__NvSaveOnCount	32	static
NV_Flash.c:2335:21:__NvSaveOnInterval	32	static
NV_Flash.c:2399:21:__NvSaveOnIdle	24	static
NV_Flash.c:2454:21:__NvModuleInit	32	static
NV_Flash.c:2723:8:NvIsRecordErased	24	static
NV_Flash.c:2755:13:__NvmRestoreUnmirrored	32	static
NV_Flash.c:2840:21:__NvmMoveToRam	48	static
NV_Flash.c:2924:21:__NvmErase	32	static
NV_Flash.c:2997:15:NvIsNVMFlashAddress	24	static
NV_Flash.c:3022:15:NvInitPendingSavesQueue	16	static
NV_Flash.c:3046:15:NvPushPendingSave	24	static
NV_Flash.c:3096:15:NvPopPendingSave	16	static
NV_Flash.c:3126:17:NvGetPendingSavesCount	16	static
NV_Flash.c:3152:13:InitNVMConfig	8	static
NV_Flash.c:3210:17:NvUpdateSize	24	static
NV_Flash.c:3234:21:NvEraseVirtualPage	24	static
NV_Flash.c:3276:13:NvInitStorageSystem	40	static
NV_Flash.c:3404:21:NvVirtualPageBlankCheck	16	static
NV_Flash.c:3434:21:NvUpdateLastMetaInfoAddress	24	static
NV_Flash.c:3509:21:NvGetMetaInfo	24	static
NV_Flash.c:3540:21:NvGetPageFreeSpace	40	static
NV_Flash.c:3604:15:NvIsMemoryAreaAvailable	24	static
NV_Flash.c:3651:15:NvIsRecordCopied	32	static
NV_Flash.c:3743:21:NvInternalCopy	120	static
NV_Flash.c:3890:17:NvGetTblEntryMetaAddrFromId	24	static
NV_Flash.c:3930:21:NvInternalDefragmentedCopy	72	static
NV_Flash.c:4129:21:NvCopyPage	64	static
NV_Flash.c:4441:21:NvInternalFormat	24	static
NV_Flash.c:4492:15:NvSaveRamTable	48	static
NV_Flash.c:4567:21:UpgradeLegacyTable	64	static
NV_Flash.c:4756:21:NvGetEntryFromDataPtr	24	static
NV_Flash.c:4807:21:NvWriteRecord	80	static
NV_Flash.c:5239:21:NvRestoreData	48	static
NV_Flash.c:5504:17:NvGetTableEntryIndexFromId	24	static
NV_Flash.c:5530:13:NvProcessFirstSaveInQueue	16	static
NV_Flash.c:5606:21:NvAddSaveRequestToQueue	24	static
NV_Flash.c:5709:16:GetRandomRange	24	static
NV_Flash.c:5731:13:__NvShutdown	16	static
NV_Flash.c:5765:13:__NvCompletePendingOperations	16	static
NV_Flash.c:5966:14:NvModuleInit	16	static
NV_Flash.c:6000:14:NvMoveToRam	24	static
NV_Flash.c:6026:14:NvErase	24	static
NV_Flash.c:6054:14:NvSaveOnIdle	24	static
NV_Flash.c:6085:14:NvSaveOnInterval	24	static
NV_Flash.c:6111:14:NvSaveOnCount	24	static
NV_Flash.c:6138:6:NvSetMinimumTicksBetweenSaves	16	static
NV_Flash.c:6158:6:NvSetCountsBetweenSaves	16	static
NV_Flash.c:6180:8:NvTimerTick	24	static
NV_Flash.c:6207:14:NvRestoreDataSet	24	static
NV_Flash.c:6234:6:NvClearCriticalSection	8	static
NV_Flash.c:6258:6:NvSetCriticalSection	8	static
NV_Flash.c:6278:6:NvIdle	8	static
NV_Flash.c:6300:7:NvGetNvIdleTaskId	4	static
NV_Flash.c:6318:8:NvIsDataSetDirty	24	static
NV_Flash.c:6343:6:NvGetPagesStatistics	16	static
NV_Flash.c:6392:14:NvFormat	16	static
NV_Flash.c:6426:14:NvRegisterTableEntry	24	static
NV_Flash.c:6464:14:NvEraseEntryFromStorage	16	static
NV_Flash.c:6515:14:NvSyncSave	24	static
NV_Flash.c:6551:14:NvAtomicSave	16	static
NV_Flash.c:6573:6:NvShutdown	8	static
NV_Flash.c:6589:6:NvCompletePendingOperations	8	static
NV_Flash.c:6629:6:NvProgramFlash	24	static
