fsl_common.h:386:24:DisableGlobalIRQ	16	static
fsl_common.h:413:20:EnableGlobalIRQ	24	static
fsl_clock.c:38:13:Clk32KConfig	16	static
fsl_clock.c:43:13:ClkSysConfig	16	static
fsl_clock.c:57:13:ClkWdtConfig	16	static
fsl_clock.c:62:13:ClkBleConfig	16	static
fsl_clock.c:67:13:ClkXTALConfig	16	static
fsl_clock.c:88:6:CLOCK_EnableClock	24	static
fsl_clock.c:100:6:CLOCK_DisableClock	24	static
fsl_clock.c:116:6:CLOCK_AttachClk	24	static
fsl_clock.c:145:6:CLOCK_SetClkDiv	16	static
fsl_clock.c:193:17:CLOCK_GetRco32MFreq	4	static
fsl_clock.c:198:17:CLOCK_GetXinFreq	4	static
fsl_clock.c:206:17:CLOCK_Get32KFreq	4	static
fsl_clock.c:211:17:CLOCK_GetCoreSysClkFreq	8	static
fsl_clock.c:218:17:CLOCK_GetAhbClkFreq	8	static
fsl_clock.c:224:17:CLOCK_GetApbClkFreq	8	static
fsl_clock.c:230:17:CLOCK_GetWdtFreq	8	static
fsl_clock.c:235:10:CLOCK_GetFreq	24	static
fsl_clock.c:269:6:CLOCK_EnableUsbfs0DeviceClock	16	static
fsl_clock.c:276:6:CLOCK_EnableClkoutSource	16	static
fsl_clock.c:288:6:CLOCK_EnableClkoutPin	16	static
fsl_clock.c:300:10:CLOCK_GetFRGInputClock	8	static
fsl_clock.c:305:10:CLOCK_SetFRGClock	24	static
