core_cm4.h:1626:22:NVIC_EnableIRQ	16	static
fsl_common.h:318:24:EnableIRQ	16	static
fsl_i2c.h:428:20:I2C_MasterEnable	16	static
fsl_i2c.h:457:24:I2C_GetStatusFlags	16	static
fsl_i2c.h:477:20:I2C_MasterClearStatusFlags	16	static
fsl_i2c.h:495:20:I2C_EnableInterrupts	16	static
fsl_i2c.h:507:20:I2C_DisableInterrupts	16	static
fsl_i2c.h:587:24:I2C_MasterRepeatedStart	16	static
fsl_i2c.h:792:20:I2C_SlaveEnable	16	static
fsl_i2c.h:817:20:I2C_SlaveClearStatusFlags	16	static
fsl_i2c.c:66:10:I2C_GetInstance	24	static
fsl_i2c.c:80:6:I2C_MasterGetDefaultConfig	16	static
fsl_i2c.c:87:6:I2C_MasterInit	24	static
fsl_i2c.c:94:6:I2C_MasterDeinit	16	static
fsl_i2c.c:99:6:I2C_MasterSetBaudRate	48	static
fsl_i2c.c:136:17:I2C_PendingStatusWait	24	static
fsl_i2c.c:151:10:I2C_MasterStart	16	static
fsl_i2c.c:163:10:I2C_MasterStop	16	static
fsl_i2c.c:171:10:I2C_MasterWriteBlocking	40	static
fsl_i2c.c:249:10:I2C_MasterReadBlocking	40	static
fsl_i2c.c:321:10:I2C_MasterTransferBlocking	32	static
fsl_i2c.c:388:6:I2C_MasterTransferCreateHandle	32	static
fsl_i2c.c:414:10:I2C_MasterTransferNonBlocking	32	static
fsl_i2c.c:443:10:I2C_MasterTransferGetCount	24	static
fsl_i2c.c:464:6:I2C_MasterTransferAbort	24	static
fsl_i2c.c:498:17:I2C_InitTransferStateMachine	48	static
fsl_i2c.c:565:17:I2C_RunTransferStateMachine	40	static
fsl_i2c.c:719:6:I2C_MasterTransferHandleIRQ	32	static
fsl_i2c.c:752:13:I2C_SlaveInternalStateMachineReset	16	static
fsl_i2c.c:766:17:I2C_SlaveDivVal	32	static
fsl_i2c.c:819:17:I2C_SlavePollPending	24	static
fsl_i2c.c:841:13:I2C_SlaveInvokeEvent	24	static
fsl_i2c.c:876:13:I2C_SlaveAddressIRQ	24	static
fsl_i2c.c:948:17:I2C_SlaveTransferNonBlockingInternal	32	static
fsl_i2c.c:992:10:I2C_SlaveSetSendBuffer	40	static
fsl_i2c.c:998:10:I2C_SlaveSetReceiveBuffer	40	static
fsl_i2c.c:1004:6:I2C_SlaveSetAddress	16	static
fsl_i2c.c:1012:6:I2C_SlaveGetDefaultConfig	40	static
fsl_i2c.c:1027:10:I2C_SlaveInit	32	static
fsl_i2c.c:1063:6:I2C_SlaveDeinit	16	static
fsl_i2c.c:1068:10:I2C_SlaveWriteBlocking	40	static
fsl_i2c.c:1132:10:I2C_SlaveReadBlocking	40	static
fsl_i2c.c:1196:6:I2C_SlaveTransferCreateHandle	32	static
fsl_i2c.c:1228:10:I2C_SlaveTransferNonBlocking	40	static
fsl_i2c.c:1233:10:I2C_SlaveTransferGetCount	24	static
fsl_i2c.c:1255:6:I2C_SlaveTransferAbort	16	static
fsl_i2c.c:1268:6:I2C_SlaveTransferHandleIRQ	24	static
