fsl_reset.h:183:20:RESET_SetPeripheralReset	16	static
fsl_reset.h:196:20:RESET_ClearPeripheralReset	16	static
fsl_reset.h:209:20:RESET_PeripheralReset	16	static
fsl_adc.h:464:20:ADC_Enable	24	static
fsl_adc.h:488:20:ADC_DoSoftwareTrigger	16	static
fsl_adc.h:536:24:ADC_GetStatusFlags	16	static
fsl_adc.h:566:24:ADC_GetConversionResult	16	static
fsl_adc.h:616:20:ADC_EmptyChannelConversionBuffer	16	static
fsl_adc.c:149:16:ADC_GetClockIndex	24	static
fsl_adc.c:160:17:ADC_GetInstance	24	static
fsl_adc.c:178:6:ADC_Init	32	static
fsl_adc.c:216:6:ADC_Deinit	16	static
fsl_adc.c:222:6:ADC_GetDefaultConfig	16	static
fsl_adc.c:233:6:ADC_SetSdConfig	40	static
fsl_adc.c:261:6:ADC_GetSdDefaultConfig	16	static
fsl_adc.c:273:6:ADC_WindowCompareConfig	16	static
fsl_adc.c:288:7:ADC_ConversionResult2Mv	40	static
fsl_adc.c:334:17:ADC_GetChannelConversionResult	40	static
fsl_adc.c:369:7:ADC_GetBandgapCalibrationResult	24	static
fsl_adc.c:385:10:ADC_GetVinnCalibrationResult	16	static
fsl_adc.c:390:10:ADC_GetOffsetCalibrationResult	16	static
fsl_adc.c:395:6:ADC_GetTemperatureCalibrationResult	32	static
