core_cm4.h:1626:22:NVIC_EnableIRQ	16	static
core_cm4.h:1637:22:NVIC_DisableIRQ	16	static
fsl_reset.h:183:20:RESET_SetPeripheralReset	16	static
fsl_reset.h:196:20:RESET_ClearPeripheralReset	16	static
fsl_reset.h:209:20:RESET_PeripheralReset	16	static
fsl_common.h:318:24:EnableIRQ	16	static
fsl_common.h:356:24:DisableIRQ	16	static
fsl_ctimer.h:364:24:CTIMER_GetStatusFlags	16	static
fsl_ctimer.h:376:20:CTIMER_ClearStatusFlags	16	static
fsl_ctimer.c:49:17:CTIMER_GetInstance	24	static
fsl_ctimer.c:68:6:CTIMER_Init	16	static
fsl_ctimer.c:87:6:CTIMER_Deinit	24	static
fsl_ctimer.c:102:6:CTIMER_GetDefaultConfig	16	static
fsl_ctimer.c:114:10:CTIMER_SetupPwm	48	static
fsl_ctimer.c:180:6:CTIMER_UpdatePwmDutycycle	24	static
fsl_ctimer.c:204:6:CTIMER_SetupMatch	32	static
fsl_ctimer.c:238:6:CTIMER_SetupCapture	24	static
fsl_ctimer.c:260:6:CTIMER_RegisterCallBack	32	static
fsl_ctimer.c:267:6:CTIMER_GenericIRQHandler	32	static
fsl_ctimer.c:301:6:CTIMER0_DriverIRQHandler	8	static
fsl_ctimer.c:308:6:CTIMER1_DriverIRQHandler	8	static
fsl_ctimer.c:315:6:CTIMER2_DriverIRQHandler	8	static
fsl_ctimer.c:322:6:CTIMER3_DriverIRQHandler	8	static
