core_cm4.h:1626:22:NVIC_EnableIRQ	16	static
fsl_common.h:318:24:EnableIRQ	16	static
fsl_spi.h:345:20:SPI_Enable	16	static
fsl_spi.h:616:20:SPI_SlaveTransferHandleIRQ	16	static
fsl_spi.c:41:10:SPI_GetInstance	24	static
fsl_spi.c:57:7:SPI_GetConfig	24	static
fsl_spi.c:68:6:SPI_MasterGetDefaultConfig	16	static
fsl_spi.c:85:10:SPI_MasterInit	40	static
fsl_spi.c:151:6:SPI_SlaveGetDefaultConfig	16	static
fsl_spi.c:165:10:SPI_SlaveInit	32	static
fsl_spi.c:217:6:SPI_Deinit	16	static
fsl_spi.c:228:6:SPI_EnableTxDMA	16	static
fsl_spi.c:240:6:SPI_EnableRxDMA	16	static
fsl_spi.c:252:10:SPI_MasterSetBaud	32	static
fsl_spi.c:274:6:SPI_WriteData	32	static
fsl_spi.c:300:10:SPI_MasterTransferCreateHandle	32	static
fsl_spi.c:352:10:SPI_MasterTransferBlocking	64	static
fsl_spi.c:460:10:SPI_MasterTransferNonBlocking	24	static
fsl_spi.c:503:10:SPI_MasterTransferGetCount	24	static
fsl_spi.c:523:6:SPI_MasterTransferAbort	16	static
fsl_spi.c:537:13:SPI_TransferHandleIRQInternal	40	static
fsl_spi.c:626:6:SPI_MasterTransferHandleIRQ	32	static
