LED.c:205:6:LED_Init	8	static
LED.c:235:6:LED_UnInit	16	static
LED.c:264:6:LED_Operate	16	static
LED.c:326:6:LED_TurnOnLed	16	static
LED.c:340:6:LED_TurnOffLed	16	static
LED.c:354:6:LED_ToggleLed	16	static
LED.c:368:6:LED_TurnOffAllLeds	8	static
LED.c:382:6:LED_TurnOnAllLeds	8	static
LED.c:396:6:LED_StopFlashingAllLeds	8	static
LED.c:408:6:LED_StartBlip	24	static
LED.c:435:6:LED_StopFlash	16	static
LED.c:461:6:LED_SetHex	16	static
LED.c:477:6:LED_SetLed	16	static
LED.c:543:6:LED_SetRgbLed	16	static
LED.c:596:8:LED_RgbDimOut	4	static
LED.c:612:8:LED_RgbDimIn	4	static
LED.c:627:6:LED_RgbSetDimInterval	16	static
LED.c:647:6:LED_StartFlashWithPeriod	16	static
LED.c:673:6:LED_StartSerialFlashWithPeriod	16	static
LED.c:710:6:LED_StopSerialFlash	8	static
LED.c:737:6:LED_StartColorWheel	16	static
LED.c:765:13:LED_GpioSet	16	static
LED.c:897:13:LED_DecrementBlip	16	static
LED.c:929:13:LED_FlashTimeout	16	static
