fsl_iocon.h:96:22:IOCON_PinMuxSet	32	static
MWS.c:207:13:MWS_Register	24	static
MWS.c:248:15:MWS_GetRegisteredCallback	24	static
MWS.c:269:10:MWS_GetInactivityDuration	24	static
MWS.c:300:13:MWS_Acquire	24	static
MWS.c:351:13:MWS_Release	24	static
MWS.c:391:13:MWS_Abort	16	static
MWS.c:415:16:MWS_GetActiveProtocol	4	static
MWS.c:433:13:MWS_SignalIdle	24	static
MWS.c:472:13:MWS_CoexistenceInit	32	static
MWS.c:530:6:MWS_CoexistenceEnable	8	static
MWS.c:570:6:MWS_CoexistenceDisable	4	static
MWS.c:591:13:MWS_CoexistenceRegister	24	static
MWS.c:635:15:MWS_CoexistenceGetRegisteredCallback	24	static
MWS.c:654:9:MWS_CoexistenceDenyState	16	static
MWS.c:676:6:MWS_CoexistenceSetPriority	16	static
MWS.c:711:13:MWS_CoexistenceRequestAccess	24	static
MWS.c:795:13:MWS_CoexistenceChangeAccess	24	static
MWS.c:834:6:MWS_CoexistenceReleaseAccess	4	static
