ApplMain.c:395:6:main_task	16	static
ApplMain.c:532:6:App_Thread	40	static
ApplMain.c:685:13:App_Idle_Task	16	static
ApplMain.c:722:20:AppIdle_TaskInit	8	static
ApplMain.c:753:13:App_Connect	16	static
ApplMain.c:774:13:App_StartAdvertising	16	static
ApplMain.c:799:13:App_StartExtAdvertising	32	static
ApplMain.c:825:13:App_StartScanning	32	static
ApplMain.c:846:13:App_RegisterGattServerCallback	16	static
ApplMain.c:861:13:App_RegisterGattClientProcedureCallback	16	static
ApplMain.c:876:13:App_RegisterGattClientNotificationCallback	16	static
ApplMain.c:891:13:App_RegisterGattClientIndicationCallback	16	static
ApplMain.c:907:13:App_RegisterLeCbCallbacks	16	static
ApplMain.c:928:13:App_PostCallbackMessage	24	static
ApplMain.c:964:6:App_NvmErase	24	static
ApplMain.c:1022:6:App_NvmWrite	40	static
ApplMain.c:1223:6:App_NvmRead	40	static
ApplMain.c:1418:6:App_GenericCallback	24	static
ApplMain.c:1452:13:App_KeyboardCallBack	16	static
ApplMain.c:1466:13:App_HandleHostMessageInput	32	static
ApplMain.c:1613:23:App_ConnectionCallback	48	static
ApplMain.c:1737:23:App_AdvertisingCallback	24	static
ApplMain.c:1771:23:App_ScanningCallback	24	static
ApplMain.c:1880:23:App_GattServerCallback	32	static
ApplMain.c:1940:23:App_GattClientProcedureCallback	32	static
ApplMain.c:1984:23:App_GattClientNotificationCallback	40	static
ApplMain.c:2033:23:App_GattClientIndicationCallback	40	static
ApplMain.c:2083:23:App_L2caLeDataCallback	40	static
ApplMain.c:2128:23:App_L2caLeControlCallback	24	static
ApplMain.c:2211:23:App_SecLibMultCallback	24	static
ApplMain.c:2248:13:BLE_SignalFromISRCallback	4	static
