fsl_os_abstraction_bm.c:187:6:OSA_EnableIRQGlobal	4	static
fsl_os_abstraction_bm.c:207:6:OSA_DisableIRQGlobal	4	static
fsl_os_abstraction_bm.c:224:13:OSA_TaskGetId	4	static
fsl_os_abstraction_bm.c:235:13:OSA_TaskYield	4	static
fsl_os_abstraction_bm.c:246:8:OSA_TaskShouldYield	24	static
fsl_os_abstraction_bm.c:273:19:OSA_TaskGetPriority	24	static
fsl_os_abstraction_bm.c:285:13:OSA_TaskSetPriority	24	static
fsl_os_abstraction_bm.c:337:6:task_init	16	static
fsl_os_abstraction_bm.c:360:13:OSA_TaskCreate	32	static
fsl_os_abstraction_bm.c:425:13:OSA_TaskDestroy	24	static
fsl_os_abstraction_bm.c:464:18:OSA_TimeInit	4	static
fsl_os_abstraction_bm.c:481:22:OSA_TimeDiff	16	static
fsl_os_abstraction_bm.c:499:6:OSA_TimeDelay	24	static
fsl_os_abstraction_bm.c:515:22:OSA_TimeGetMsec	4	static
fsl_os_abstraction_bm.c:531:18:OSA_SemaphoreCreate	24	static
fsl_os_abstraction_bm.c:562:13:OSA_SemaphoreDestroy	16	static
fsl_os_abstraction_bm.c:591:13:OSA_SemaphoreWait	24	static
fsl_os_abstraction_bm.c:661:13:OSA_SemaphorePost	24	static
fsl_os_abstraction_bm.c:693:14:OSA_MutexCreate	16	static
fsl_os_abstraction_bm.c:726:13:OSA_MutexLock	24	static
fsl_os_abstraction_bm.c:794:13:OSA_MutexUnlock	24	static
fsl_os_abstraction_bm.c:819:13:OSA_MutexDestroy	16	static
fsl_os_abstraction_bm.c:843:14:OSA_EventCreate	24	static
fsl_os_abstraction_bm.c:874:13:OSA_EventSet	24	static
fsl_os_abstraction_bm.c:906:13:OSA_EventClear	24	static
fsl_os_abstraction_bm.c:949:13:OSA_EventWait	32	static
fsl_os_abstraction_bm.c:1036:13:OSA_EventDestroy	16	static
fsl_os_abstraction_bm.c:1062:13:OSA_MsgQCreate	16	static
fsl_os_abstraction_bm.c:1097:13:OSA_MsgQPut	16	static
fsl_os_abstraction_bm.c:1155:13:OSA_MsgQGet	24	static
fsl_os_abstraction_bm.c:1237:13:OSA_MsgQDestroy	16	static
fsl_os_abstraction_bm.c:1275:6:OSA_InterruptEnable	8	static
fsl_os_abstraction_bm.c:1285:6:OSA_InterruptDisable	8	static
fsl_os_abstraction_bm.c:1296:6:OSA_InstallIntHandler	16	static
fsl_os_abstraction_bm.c:1315:5:main	8	static
fsl_os_abstraction_bm.c:1344:14:osObjectAlloc	24	static
fsl_os_abstraction_bm.c:1376:15:osObjectIsAllocated	24	static
fsl_os_abstraction_bm.c:1411:13:osObjectFree	24	static
fsl_os_abstraction_bm.c:1436:13:OSA_Init	8	static
fsl_os_abstraction_bm.c:1451:6:OSA_Start	8	static
fsl_os_abstraction_bm.c:1486:13:OSA_InsertTaskBefore	16	static
