SecLib.c:274:6:SecLib_Init	4	static
SecLib.c:304:6:SecLib_SetExternalMultiplicationCb	16	static
SecLib.c:318:6:SecLib_ExecMultiplicationCb	16	static
SecLib.c:341:6:AES_128_Encrypt	32	static
SecLib.c:435:6:AES_128_Decrypt	32	static
SecLib.c:533:6:AES_128_ECB_Encrypt	56	static
SecLib.c:590:6:AES_128_ECB_Decrypt	56	static
SecLib.c:628:6:AES_128_ECB_Block_Encrypt	56	static
SecLib.c:677:6:AES_128_ECB_Block_Decrypt	56	static
SecLib.c:720:6:AES_128_CBC_Encrypt	40	static
SecLib.c:780:10:AES_128_CBC_Encrypt_And_Pad	32	static
SecLib.c:840:10:AES_128_CBC_Decrypt_And_Depad	32	static
SecLib.c:904:6:AES_128_CTR	56	static
SecLib.c:979:6:AES_128_CTR_Decrypt	56	static
SecLib.c:1018:6:AES_128_OFB	56	static
SecLib.c:1064:6:AES_128_CMAC	56	static
SecLib.c:1167:6:AES_128_CMAC_LsbFirstInput	152	static
SecLib.c:1258:6:AES_CMAC_PRF_128	72	static
SecLib.c:1308:17:AES_128_EAX_Encrypt	120	static
SecLib.c:1403:17:AES_128_EAX_Decrypt	104	static
SecLib.c:1512:9:AES_128_CCM	64	static
SecLib.c:1560:6:SecLib_XorN	24	static
SecLib.c:1588:13:AES_128_IncrementCounter	64	static
SecLib.c:1626:13:AES_128_CMAC_Generate_Subkey	104	static
SecLib.c:1679:13:SecLib_LeftShiftOneBit	24	static
SecLib.c:1707:13:SecLib_Padding	32	static
SecLib.c:1737:13:SecLib_Xor128	32	static
SecLib.c:1757:7:SHA1_AllocCtx	16	static
SecLib.c:1771:6:SHA1_FreeCtx	16	static
SecLib.c:1785:6:SHA1_CloneCtx	16	static
SecLib.c:1798:6:SHA1_Init	24	static
SecLib.c:1821:6:SHA1_HashUpdate	32	static
SecLib.c:1872:6:SHA1_HashFinish	32	static
SecLib.c:1919:6:SHA1_Hash	120	static
SecLib.c:1936:7:SHA256_AllocCtx	16	static
SecLib.c:1950:6:SHA256_FreeCtx	16	static
SecLib.c:1964:6:SHA256_CloneCtx	16	static
SecLib.c:1977:6:SHA256_Init	24	static
SecLib.c:2000:6:SHA256_HashUpdate	32	static
SecLib.c:2051:6:SHA256_HashFinish	32	static
SecLib.c:2098:6:SHA256_Hash	128	static
SecLib.c:2115:7:HMAC_SHA256_AllocCtx	16	static
SecLib.c:2129:6:HMAC_SHA256_FreeCtx	16	static
SecLib.c:2144:6:HMAC_SHA256_Init	64	static
SecLib.c:2188:6:HMAC_SHA256_Update	32	static
SecLib.c:2205:6:HMAC_SHA256_Finish	56	static
SecLib.c:2232:6:HMAC_SHA256	192	static
SecLib.c:2250:17:ECDH_P256_GenerateKeys	24	static
SecLib.c:2318:17:ECDH_P256_GenerateKeysSeg	24	static
SecLib.c:2358:17:ECDH_P256_ComputeDhKey	48	static
SecLib.c:2448:17:ECDH_P256_ComputeDhKeySeg	32	static
SecLib.c:2530:8:SecLib_HandleMultiplyStep	24	static
SecLib.c:2600:13:SHA1_hash_n	24	static
SecLib.c:2622:13:SHA256_hash_n	24	static
SecLib.c:2643:13:AES_128_ECB_Enc_HW	48	static
SecLib.c:2672:13:AES_128_ECB_Dec_HW	48	static
SecLib.c:2701:13:AES_128_ECB_Block_Enc_HW	16	static
SecLib.c:2721:13:AES_128_ECB_Block_Dec_HW	16	static
SecLib.c:2741:13:AES_128_CTR_Enc_HW	48	static
SecLib.c:2776:13:AES_128_CTR_Dec_HW	48	static
SecLib.c:2811:13:AES_128_CMAC_HW	128	static
